{"suite": "compiler", "bench": "bfs", "lane": "bend", "phase": "warmup", "status": "ok", "wall_s": 2.329064542, "max_rss_mib": 162.15625, "output_match": null}
{"suite": "compiler", "bench": "bfs", "lane": "bend", "phase": "timed", "status": "ok", "wall_s": 0.5874833749999997, "max_rss_mib": 107.109375, "output_match": null}
{"suite": "compiler", "bench": "editdist", "lane": "bend", "phase": "warmup", "status": "ok", "wall_s": 0.712113, "max_rss_mib": 138.5, "output_match": null}
{"suite": "compiler", "bench": "editdist", "lane": "bend", "phase": "timed", "status": "ok", "wall_s": 0.666732417, "max_rss_mib": 142.96875, "output_match": null}
{"suite": "compiler", "bench": "gameoflife", "lane": "bend", "phase": "warmup", "status": "ok", "wall_s": 0.6790240829999998, "max_rss_mib": 107.453125, "output_match": null}
{"suite": "compiler", "bench": "gameoflife", "lane": "bend", "phase": "timed", "status": "ok", "wall_s": 0.6036702079999996, "max_rss_mib": 107.46875, "output_match": null}
{"suite": "compiler", "bench": "hashmap", "lane": "bend", "phase": "warmup", "status": "ok", "wall_s": 0.6825377499999998, "max_rss_mib": 107.15625, "output_match": null}
{"suite": "compiler", "bench": "hashmap", "lane": "bend", "phase": "timed", "status": "ok", "wall_s": 0.5948215000000001, "max_rss_mib": 107.109375, "output_match": null}
{"suite": "compiler", "bench": "kmeans", "lane": "bend", "phase": "warmup", "status": "ok", "wall_s": 0.7572950409999999, "max_rss_mib": 107.421875, "output_match": null}
{"suite": "compiler", "bench": "kmeans", "lane": "bend", "phase": "timed", "status": "ok", "wall_s": 0.6695342079999991, "max_rss_mib": 107.875, "output_match": null}
{"suite": "compiler", "bench": "lexer", "lane": "bend", "phase": "warmup", "status": "ok", "wall_s": 0.7632158330000003, "max_rss_mib": 107.453125, "output_match": null}
{"suite": "compiler", "bench": "lexer", "lane": "bend", "phase": "timed", "status": "ok", "wall_s": 0.6510817499999995, "max_rss_mib": 107.46875, "output_match": null}
{"suite": "compiler", "bench": "mandelbrot", "lane": "bend", "phase": "warmup", "status": "ok", "wall_s": 0.7306146249999994, "max_rss_mib": 107.75, "output_match": null}
{"suite": "compiler", "bench": "mandelbrot", "lane": "bend", "phase": "timed", "status": "ok", "wall_s": 0.6699993749999997, "max_rss_mib": 107.453125, "output_match": null}
{"suite": "compiler", "bench": "merkle", "lane": "bend", "phase": "warmup", "status": "ok", "wall_s": 0.7817654580000006, "max_rss_mib": 135.375, "output_match": null}
{"suite": "compiler", "bench": "merkle", "lane": "bend", "phase": "timed", "status": "ok", "wall_s": 0.7364344169999999, "max_rss_mib": 146.328125, "output_match": null}
{"suite": "compiler", "bench": "nbody", "lane": "bend", "phase": "warmup", "status": "ok", "wall_s": 0.7901017499999998, "max_rss_mib": 133.359375, "output_match": null}
{"suite": "compiler", "bench": "nbody", "lane": "bend", "phase": "timed", "status": "ok", "wall_s": 0.8100907500000005, "max_rss_mib": 134.1875, "output_match": null}
{"suite": "compiler", "bench": "queens", "lane": "bend", "phase": "warmup", "status": "ok", "wall_s": 0.7387199169999992, "max_rss_mib": 107.609375, "output_match": null}
{"suite": "compiler", "bench": "queens", "lane": "bend", "phase": "timed", "status": "ok", "wall_s": 0.6553021250000004, "max_rss_mib": 107.703125, "output_match": null}
{"suite": "compiler", "bench": "raytrace", "lane": "bend", "phase": "warmup", "status": "ok", "wall_s": 0.8429800410000006, "max_rss_mib": 141.65625, "output_match": null}
{"suite": "compiler", "bench": "raytrace", "lane": "bend", "phase": "timed", "status": "ok", "wall_s": 0.7572377500000016, "max_rss_mib": 140.265625, "output_match": null}
{"suite": "compiler", "bench": "symreg", "lane": "bend", "phase": "warmup", "status": "ok", "wall_s": 0.7324060409999973, "max_rss_mib": 107.265625, "output_match": null}
{"suite": "compiler", "bench": "symreg", "lane": "bend", "phase": "timed", "status": "ok", "wall_s": 0.6752332090000017, "max_rss_mib": 107.34375, "output_match": null}
{"suite": "compiler", "bench": "terrain", "lane": "bend", "phase": "warmup", "status": "ok", "wall_s": 0.7683194580000006, "max_rss_mib": 110.625, "output_match": null}
{"suite": "compiler", "bench": "terrain", "lane": "bend", "phase": "timed", "status": "ok", "wall_s": 0.6930531670000022, "max_rss_mib": 107.0625, "output_match": null}
{"suite": "compiler", "bench": "tree-bitonic", "lane": "bend", "phase": "warmup", "status": "ok", "wall_s": 0.661765250000002, "max_rss_mib": 107.421875, "output_match": null}
{"suite": "compiler", "bench": "tree-bitonic", "lane": "bend", "phase": "timed", "status": "ok", "wall_s": 0.6125920829999991, "max_rss_mib": 107.28125, "output_match": null}
{"suite": "compiler", "bench": "tree-matmul", "lane": "bend", "phase": "warmup", "status": "ok", "wall_s": 0.7883565839999989, "max_rss_mib": 108.28125, "output_match": null}
{"suite": "compiler", "bench": "tree-matmul", "lane": "bend", "phase": "timed", "status": "ok", "wall_s": 0.7109073750000015, "max_rss_mib": 108.34375, "output_match": null}
{"suite": "compiler", "bench": "tree-radix", "lane": "bend", "phase": "warmup", "status": "ok", "wall_s": 0.7192088329999997, "max_rss_mib": 107.0625, "output_match": null}
{"suite": "compiler", "bench": "tree-radix", "lane": "bend", "phase": "timed", "status": "ok", "wall_s": 0.653754291000002, "max_rss_mib": 107.390625, "output_match": null}
SUITE COMPLETE compiler build-only
