{"suite": "runtime", "bench": "bfs", "lane": "bend", "phase": "emit-c", "status": "ok", "wall_s": 0.21900570800000002, "max_rss_mib": 90.34375, "output_match": null}
{"suite": "runtime", "bench": "bfs", "lane": "bend-cpu", "phase": "build", "status": "ok", "wall_s": 0.463469792, "max_rss_mib": 58.28125, "output_match": null}
{"suite": "runtime", "bench": "bfs", "lane": "bend-seq", "phase": "warmup", "status": "ok", "wall_s": 5.387611666, "max_rss_mib": 1.84375, "output_match": true}
{"suite": "runtime", "bench": "bfs", "lane": "bend-seq", "phase": "timed", "status": "ok", "wall_s": 5.887647791, "max_rss_mib": 1.84375, "output_match": true}
{"suite": "runtime", "bench": "bfs", "lane": "bend-par", "phase": "warmup", "status": "ok", "wall_s": 1.856269375, "max_rss_mib": 2.015625, "output_match": true}
{"suite": "runtime", "bench": "bfs", "lane": "bend-par", "phase": "timed", "status": "ok", "wall_s": 5.581625875, "max_rss_mib": 1.953125, "output_match": true}
{"suite": "runtime", "bench": "bfs", "lane": "bend-gpu", "phase": "build", "status": "ok", "wall_s": 1.689232624999999, "max_rss_mib": 113.421875, "output_match": null}
{"suite": "runtime", "bench": "bfs", "lane": "bend-gpu", "phase": "warmup", "status": "ok", "wall_s": 2.5703182079999998, "max_rss_mib": 13.796875, "output_match": true}
{"suite": "runtime", "bench": "bfs", "lane": "bend-gpu", "phase": "timed", "status": "ok", "wall_s": 0.8224185000000013, "max_rss_mib": 13.578125, "output_match": true}
{"suite": "runtime", "bench": "bfs", "lane": "c", "phase": "build", "status": "ok", "wall_s": 0.423536833, "max_rss_mib": 40.453125, "output_match": null}
{"suite": "runtime", "bench": "bfs", "lane": "c", "phase": "warmup", "status": "ok", "wall_s": 7.548230750000002, "max_rss_mib": 1.265625, "output_match": true}
{"suite": "runtime", "bench": "bfs", "lane": "c", "phase": "timed", "status": "ok", "wall_s": 6.601726708000001, "max_rss_mib": 1.265625, "output_match": true}
{"suite": "runtime", "bench": "bfs", "lane": "ts-bun", "phase": "warmup", "status": "ok", "wall_s": 17.862665583000002, "max_rss_mib": 44.203125, "output_match": true}
{"suite": "runtime", "bench": "bfs", "lane": "ts-bun", "phase": "timed", "status": "ok", "wall_s": 18.344974582999996, "max_rss_mib": 48.3125, "output_match": true}
{"suite": "runtime", "bench": "bfs", "lane": "ts-node", "phase": "warmup", "status": "ok", "wall_s": 13.655975791999992, "max_rss_mib": 95.890625, "output_match": true}
{"suite": "runtime", "bench": "bfs", "lane": "ts-node", "phase": "timed", "status": "ok", "wall_s": 13.201084957999996, "max_rss_mib": 95.0625, "output_match": true}
{"suite": "runtime", "bench": "bfs", "lane": "lean", "phase": "emit-c", "status": "ok", "wall_s": 2.8083052089999967, "max_rss_mib": 408.296875, "output_match": null}
{"suite": "runtime", "bench": "bfs", "lane": "lean", "phase": "build", "status": "ok", "wall_s": 9.603178624999998, "max_rss_mib": 140.25, "output_match": null}
{"suite": "runtime", "bench": "bfs", "lane": "lean", "phase": "warmup", "status": "ok", "wall_s": 20.24568533300001, "max_rss_mib": 3.421875, "output_match": true}
{"suite": "runtime", "bench": "bfs", "lane": "lean", "phase": "timed", "status": "ok", "wall_s": 16.358663374999992, "max_rss_mib": 3.4375, "output_match": true}
{"suite": "runtime", "bench": "editdist", "lane": "bend", "phase": "emit-c", "status": "ok", "wall_s": 0.39391458299999726, "max_rss_mib": 133.578125, "output_match": null}
{"suite": "runtime", "bench": "editdist", "lane": "bend-cpu", "phase": "build", "status": "ok", "wall_s": 0.653928833000009, "max_rss_mib": 57.5625, "output_match": null}
{"suite": "runtime", "bench": "editdist", "lane": "bend-seq", "phase": "warmup", "status": "ok", "wall_s": 3.2760625409999875, "max_rss_mib": 1.875, "output_match": true}
{"suite": "runtime", "bench": "editdist", "lane": "bend-seq", "phase": "timed", "status": "ok", "wall_s": 3.048587583999989, "max_rss_mib": 1.875, "output_match": true}
{"suite": "runtime", "bench": "editdist", "lane": "bend-par", "phase": "warmup", "status": "ok", "wall_s": 1.4582385409999858, "max_rss_mib": 2.078125, "output_match": true}
{"suite": "runtime", "bench": "editdist", "lane": "bend-par", "phase": "timed", "status": "ok", "wall_s": 1.4715418330000034, "max_rss_mib": 2.109375, "output_match": true}
{"suite": "runtime", "bench": "editdist", "lane": "bend-gpu", "phase": "build", "status": "ok", "wall_s": 0.8296297079999988, "max_rss_mib": 122.890625, "output_match": null}
{"suite": "runtime", "bench": "editdist", "lane": "bend-gpu", "phase": "warmup", "status": "ok", "wall_s": 5.272592958000018, "max_rss_mib": 13.578125, "output_match": true}
{"suite": "runtime", "bench": "editdist", "lane": "bend-gpu", "phase": "timed", "status": "ok", "wall_s": 1.244334292000019, "max_rss_mib": 13.546875, "output_match": true}
{"suite": "runtime", "bench": "editdist", "lane": "c", "phase": "build", "status": "ok", "wall_s": 0.3816879590000042, "max_rss_mib": 39.65625, "output_match": null}
{"suite": "runtime", "bench": "editdist", "lane": "c", "phase": "warmup", "status": "ok", "wall_s": 2.900733916000007, "max_rss_mib": 1.265625, "output_match": true}
{"suite": "runtime", "bench": "editdist", "lane": "c", "phase": "timed", "status": "ok", "wall_s": 2.806557374999983, "max_rss_mib": 1.265625, "output_match": true}
{"suite": "runtime", "bench": "editdist", "lane": "ts-bun", "phase": "warmup", "status": "ok", "wall_s": 8.082761917, "max_rss_mib": 28.71875, "output_match": true}
{"suite": "runtime", "bench": "editdist", "lane": "ts-bun", "phase": "timed", "status": "ok", "wall_s": 8.198136040999998, "max_rss_mib": 29.234375, "output_match": true}
{"suite": "runtime", "bench": "editdist", "lane": "ts-node", "phase": "warmup", "status": "ok", "wall_s": 12.542542542000007, "max_rss_mib": 82.140625, "output_match": true}
{"suite": "runtime", "bench": "editdist", "lane": "ts-node", "phase": "timed", "status": "ok", "wall_s": 12.733241541000012, "max_rss_mib": 82.03125, "output_match": true}
{"suite": "runtime", "bench": "editdist", "lane": "lean", "phase": "emit-c", "status": "ok", "wall_s": 2.658493708000009, "max_rss_mib": 404.765625, "output_match": null}
{"suite": "runtime", "bench": "editdist", "lane": "lean", "phase": "build", "status": "ok", "wall_s": 0.985173374999988, "max_rss_mib": 140.015625, "output_match": null}
{"suite": "runtime", "bench": "editdist", "lane": "lean", "phase": "warmup", "status": "ok", "wall_s": 9.48170245899999, "max_rss_mib": 3.359375, "output_match": true}
{"suite": "runtime", "bench": "editdist", "lane": "lean", "phase": "timed", "status": "ok", "wall_s": 9.911254208000003, "max_rss_mib": 3.328125, "output_match": true}
{"suite": "runtime", "bench": "gameoflife", "lane": "bend", "phase": "emit-c", "status": "ok", "wall_s": 0.37388483400002315, "max_rss_mib": 95.234375, "output_match": null}
{"suite": "runtime", "bench": "gameoflife", "lane": "bend-cpu", "phase": "build", "status": "ok", "wall_s": 0.7824939999999856, "max_rss_mib": 59.078125, "output_match": null}
{"suite": "runtime", "bench": "gameoflife", "lane": "bend-seq", "phase": "warmup", "status": "ok", "wall_s": 15.084309958000006, "max_rss_mib": 1.953125, "output_match": true}
{"suite": "runtime", "bench": "gameoflife", "lane": "bend-seq", "phase": "timed", "status": "ok", "wall_s": 12.626072665999999, "max_rss_mib": 1.953125, "output_match": true}
{"suite": "runtime", "bench": "gameoflife", "lane": "bend-par", "phase": "warmup", "status": "ok", "wall_s": 4.407912666000016, "max_rss_mib": 2.109375, "output_match": true}
{"suite": "runtime", "bench": "gameoflife", "lane": "bend-par", "phase": "timed", "status": "ok", "wall_s": 4.806596958, "max_rss_mib": 2.015625, "output_match": true}
{"suite": "runtime", "bench": "gameoflife", "lane": "bend-gpu", "phase": "build", "status": "ok", "wall_s": 1.5902937500000007, "max_rss_mib": 120.828125, "output_match": null}
{"suite": "runtime", "bench": "gameoflife", "lane": "bend-gpu", "phase": "warmup", "status": "ok", "wall_s": 1.4302909169999793, "max_rss_mib": 12.96875, "output_match": true}
{"suite": "runtime", "bench": "gameoflife", "lane": "bend-gpu", "phase": "timed", "status": "ok", "wall_s": 0.21083495800002083, "max_rss_mib": 13.453125, "output_match": true}
{"suite": "runtime", "bench": "gameoflife", "lane": "c", "phase": "build", "status": "ok", "wall_s": 0.45469716600001675, "max_rss_mib": 40.890625, "output_match": null}
{"suite": "runtime", "bench": "gameoflife", "lane": "c", "phase": "warmup", "status": "ok", "wall_s": 13.753610791000028, "max_rss_mib": 1.265625, "output_match": true}
{"suite": "runtime", "bench": "gameoflife", "lane": "c", "phase": "timed", "status": "ok", "wall_s": 21.379502124999988, "max_rss_mib": 1.265625, "output_match": true}
{"suite": "runtime", "bench": "gameoflife", "lane": "ts-bun", "phase": "warmup", "status": "ok", "wall_s": 160.74235537500005, "max_rss_mib": 26.90625, "output_match": true}
{"suite": "runtime", "bench": "gameoflife", "lane": "ts-bun", "phase": "timed", "status": "ok", "wall_s": 104.94666745800004, "max_rss_mib": 27.734375, "output_match": true}
{"suite": "runtime", "bench": "gameoflife", "lane": "ts-node", "phase": "warmup", "status": "ok", "wall_s": 21.75799095900004, "max_rss_mib": 78.265625, "output_match": true}
{"suite": "runtime", "bench": "gameoflife", "lane": "ts-node", "phase": "timed", "status": "ok", "wall_s": 21.85679308400006, "max_rss_mib": 77.78125, "output_match": true}
{"suite": "runtime", "bench": "gameoflife", "lane": "lean", "phase": "emit-c", "status": "ok", "wall_s": 2.278070875000026, "max_rss_mib": 407.859375, "output_match": null}
{"suite": "runtime", "bench": "gameoflife", "lane": "lean", "phase": "build", "status": "ok", "wall_s": 0.7114832500000148, "max_rss_mib": 139.75, "output_match": null}
{"suite": "runtime", "bench": "gameoflife", "lane": "lean", "phase": "warmup", "status": "ok", "wall_s": 24.019128249999994, "max_rss_mib": 3.28125, "output_match": true}
{"suite": "runtime", "bench": "gameoflife", "lane": "lean", "phase": "timed", "status": "ok", "wall_s": 16.576179207999985, "max_rss_mib": 3.328125, "output_match": true}
{"suite": "runtime", "bench": "hashmap", "lane": "bend", "phase": "emit-c", "status": "ok", "wall_s": 0.20946649999996225, "max_rss_mib": 91.265625, "output_match": null}
{"suite": "runtime", "bench": "hashmap", "lane": "bend-cpu", "phase": "build", "status": "ok", "wall_s": 0.5236508330000333, "max_rss_mib": 57.75, "output_match": null}
{"suite": "runtime", "bench": "hashmap", "lane": "bend-seq", "phase": "warmup", "status": "ok", "wall_s": 3.305381582999985, "max_rss_mib": 2.265625, "output_match": true}
{"suite": "runtime", "bench": "hashmap", "lane": "bend-seq", "phase": "timed", "status": "ok", "wall_s": 2.931517332999988, "max_rss_mib": 2.265625, "output_match": true}
{"suite": "runtime", "bench": "hashmap", "lane": "bend-par", "phase": "warmup", "status": "ok", "wall_s": 1.1421233329999723, "max_rss_mib": 3.640625, "output_match": true}
{"suite": "runtime", "bench": "hashmap", "lane": "bend-par", "phase": "timed", "status": "ok", "wall_s": 1.1414275420000877, "max_rss_mib": 3.640625, "output_match": true}
{"suite": "runtime", "bench": "hashmap", "lane": "bend-gpu", "phase": "build", "status": "ok", "wall_s": 0.6076369579999437, "max_rss_mib": 122.03125, "output_match": null}
{"suite": "runtime", "bench": "hashmap", "lane": "bend-gpu", "phase": "warmup", "status": "ok", "wall_s": 2.505654292000031, "max_rss_mib": 13.65625, "output_match": true}
{"suite": "runtime", "bench": "hashmap", "lane": "bend-gpu", "phase": "timed", "status": "ok", "wall_s": 1.6496132920000264, "max_rss_mib": 13.53125, "output_match": true}
{"suite": "runtime", "bench": "hashmap", "lane": "c", "phase": "build", "status": "ok", "wall_s": 0.07077066599993032, "max_rss_mib": 39.109375, "output_match": null}
{"suite": "runtime", "bench": "hashmap", "lane": "c", "phase": "warmup", "status": "ok", "wall_s": 3.8868772920000083, "max_rss_mib": 1.390625, "output_match": true}
{"suite": "runtime", "bench": "hashmap", "lane": "c", "phase": "timed", "status": "ok", "wall_s": 0.7178881249999449, "max_rss_mib": 1.390625, "output_match": true}
{"suite": "runtime", "bench": "hashmap", "lane": "ts-bun", "phase": "warmup", "status": "ok", "wall_s": 1.0905042499999809, "max_rss_mib": 48.421875, "output_match": true}
{"suite": "runtime", "bench": "hashmap", "lane": "ts-bun", "phase": "timed", "status": "ok", "wall_s": 1.0395991249999952, "max_rss_mib": 49.03125, "output_match": true}
{"suite": "runtime", "bench": "hashmap", "lane": "ts-node", "phase": "warmup", "status": "ok", "wall_s": 1.2640573339999719, "max_rss_mib": 110.3125, "output_match": true}
{"suite": "runtime", "bench": "hashmap", "lane": "ts-node", "phase": "timed", "status": "ok", "wall_s": 1.1711119999999937, "max_rss_mib": 110.515625, "output_match": true}
{"suite": "runtime", "bench": "hashmap", "lane": "lean", "phase": "emit-c", "status": "ok", "wall_s": 1.7078591670000378, "max_rss_mib": 404.65625, "output_match": null}
{"suite": "runtime", "bench": "hashmap", "lane": "lean", "phase": "build", "status": "ok", "wall_s": 0.579569916999958, "max_rss_mib": 139.71875, "output_match": null}
{"suite": "runtime", "bench": "hashmap", "lane": "lean", "phase": "warmup", "status": "ok", "wall_s": 1.7928064169999516, "max_rss_mib": 3.953125, "output_match": true}
{"suite": "runtime", "bench": "hashmap", "lane": "lean", "phase": "timed", "status": "ok", "wall_s": 1.6563243749999401, "max_rss_mib": 3.9375, "output_match": true}
{"suite": "runtime", "bench": "kmeans", "lane": "bend", "phase": "emit-c", "status": "ok", "wall_s": 0.18583412500004215, "max_rss_mib": 102.765625, "output_match": null}
{"suite": "runtime", "bench": "kmeans", "lane": "bend-cpu", "phase": "build", "status": "ok", "wall_s": 0.28506270799994127, "max_rss_mib": 62.84375, "output_match": null}
{"suite": "runtime", "bench": "kmeans", "lane": "bend-seq", "phase": "warmup", "status": "ok", "wall_s": 2.8575865839999324, "max_rss_mib": 20.6875, "output_match": true}
{"suite": "runtime", "bench": "kmeans", "lane": "bend-seq", "phase": "timed", "status": "ok", "wall_s": 2.6463015410000708, "max_rss_mib": 20.6875, "output_match": true}
{"suite": "runtime", "bench": "kmeans", "lane": "bend-par", "phase": "warmup", "status": "ok", "wall_s": 1.1731552500000362, "max_rss_mib": 18.875, "output_match": true}
{"suite": "runtime", "bench": "kmeans", "lane": "bend-par", "phase": "timed", "status": "ok", "wall_s": 1.205128375000072, "max_rss_mib": 18.03125, "output_match": true}
{"suite": "runtime", "bench": "kmeans", "lane": "bend-gpu", "phase": "build", "status": "ok", "wall_s": 0.5873729999999568, "max_rss_mib": 130.625, "output_match": null}
{"suite": "runtime", "bench": "kmeans", "lane": "bend-gpu", "phase": "warmup", "status": "ok", "wall_s": 1.5587232079999467, "max_rss_mib": 14.203125, "output_match": true}
{"suite": "runtime", "bench": "kmeans", "lane": "bend-gpu", "phase": "timed", "status": "ok", "wall_s": 0.6924720829999842, "max_rss_mib": 13.84375, "output_match": true}
{"suite": "runtime", "bench": "kmeans", "lane": "c", "phase": "build", "status": "ok", "wall_s": 0.11295820800000911, "max_rss_mib": 45.71875, "output_match": null}
{"suite": "runtime", "bench": "kmeans", "lane": "c", "phase": "warmup", "status": "ok", "wall_s": 2.772315791999972, "max_rss_mib": 7.109375, "output_match": true}
{"suite": "runtime", "bench": "kmeans", "lane": "c", "phase": "timed", "status": "ok", "wall_s": 2.5903774170000133, "max_rss_mib": 7.109375, "output_match": true}
{"suite": "runtime", "bench": "kmeans", "lane": "ts-bun", "phase": "warmup", "status": "ok", "wall_s": 21.488282000000027, "max_rss_mib": 45.984375, "output_match": true}
{"suite": "runtime", "bench": "kmeans", "lane": "ts-bun", "phase": "timed", "status": "ok", "wall_s": 21.17212912499997, "max_rss_mib": 45.28125, "output_match": true}
{"suite": "runtime", "bench": "kmeans", "lane": "ts-node", "phase": "warmup", "status": "ok", "wall_s": 39.57738895800003, "max_rss_mib": 85.828125, "output_match": true}
{"suite": "runtime", "bench": "kmeans", "lane": "ts-node", "phase": "timed", "status": "ok", "wall_s": 40.281070750000026, "max_rss_mib": 85.578125, "output_match": true}
{"suite": "runtime", "bench": "kmeans", "lane": "lean", "phase": "emit-c", "status": "ok", "wall_s": 0.24864133300002322, "max_rss_mib": 412.140625, "output_match": null}
{"suite": "runtime", "bench": "kmeans", "lane": "lean", "phase": "build", "status": "ok", "wall_s": 0.28623974999993607, "max_rss_mib": 140.0, "output_match": null}
{"suite": "runtime", "bench": "kmeans", "lane": "lean", "phase": "warmup", "status": "ok", "wall_s": 7.361128249999979, "max_rss_mib": 3.40625, "output_match": true}
{"suite": "runtime", "bench": "kmeans", "lane": "lean", "phase": "timed", "status": "ok", "wall_s": 7.138627999999926, "max_rss_mib": 3.40625, "output_match": true}
{"suite": "runtime", "bench": "lexer", "lane": "bend", "phase": "emit-c", "status": "ok", "wall_s": 0.14350495799999408, "max_rss_mib": 97.640625, "output_match": null}
{"suite": "runtime", "bench": "lexer", "lane": "bend-cpu", "phase": "build", "status": "ok", "wall_s": 0.22949608299995816, "max_rss_mib": 58.859375, "output_match": null}
{"suite": "runtime", "bench": "lexer", "lane": "bend-seq", "phase": "warmup", "status": "ok", "wall_s": 3.1203561669999544, "max_rss_mib": 1.859375, "output_match": true}
{"suite": "runtime", "bench": "lexer", "lane": "bend-seq", "phase": "timed", "status": "ok", "wall_s": 2.97768987500001, "max_rss_mib": 1.859375, "output_match": true}
{"suite": "runtime", "bench": "lexer", "lane": "bend-par", "phase": "warmup", "status": "ok", "wall_s": 1.3012897920000341, "max_rss_mib": 2.078125, "output_match": true}
{"suite": "runtime", "bench": "lexer", "lane": "bend-par", "phase": "timed", "status": "ok", "wall_s": 1.3163043749999588, "max_rss_mib": 2.078125, "output_match": true}
{"suite": "runtime", "bench": "lexer", "lane": "bend-gpu", "phase": "build", "status": "ok", "wall_s": 0.45015825000007226, "max_rss_mib": 124.640625, "output_match": null}
{"suite": "runtime", "bench": "lexer", "lane": "bend-gpu", "phase": "warmup", "status": "ok", "wall_s": 4.781730791999962, "max_rss_mib": 13.65625, "output_match": true}
{"suite": "runtime", "bench": "lexer", "lane": "bend-gpu", "phase": "timed", "status": "ok", "wall_s": 4.334111416000042, "max_rss_mib": 13.5, "output_match": true}
{"suite": "runtime", "bench": "lexer", "lane": "c", "phase": "build", "status": "ok", "wall_s": 0.3028422910000472, "max_rss_mib": 39.296875, "output_match": null}
{"suite": "runtime", "bench": "lexer", "lane": "c", "phase": "warmup", "status": "ok", "wall_s": 1.4081585000000132, "max_rss_mib": 1.25, "output_match": true}
{"suite": "runtime", "bench": "lexer", "lane": "c", "phase": "timed", "status": "ok", "wall_s": 1.2860169589999941, "max_rss_mib": 1.25, "output_match": true}
{"suite": "runtime", "bench": "lexer", "lane": "ts-bun", "phase": "warmup", "status": "ok", "wall_s": 4.853234291000035, "max_rss_mib": 36.25, "output_match": true}
{"suite": "runtime", "bench": "lexer", "lane": "ts-bun", "phase": "timed", "status": "ok", "wall_s": 4.628871290999996, "max_rss_mib": 35.5, "output_match": true}
{"suite": "runtime", "bench": "lexer", "lane": "ts-node", "phase": "warmup", "status": "ok", "wall_s": 5.725271124999949, "max_rss_mib": 85.703125, "output_match": true}
{"suite": "runtime", "bench": "lexer", "lane": "ts-node", "phase": "timed", "status": "ok", "wall_s": 5.652581499999997, "max_rss_mib": 84.90625, "output_match": true}
{"suite": "runtime", "bench": "lexer", "lane": "lean", "phase": "emit-c", "status": "ok", "wall_s": 1.9133728749999364, "max_rss_mib": 408.375, "output_match": null}
{"suite": "runtime", "bench": "lexer", "lane": "lean", "phase": "build", "status": "ok", "wall_s": 0.6103299589999551, "max_rss_mib": 139.734375, "output_match": null}
{"suite": "runtime", "bench": "lexer", "lane": "lean", "phase": "warmup", "status": "ok", "wall_s": 5.684153374999937, "max_rss_mib": 3.40625, "output_match": true}
{"suite": "runtime", "bench": "lexer", "lane": "lean", "phase": "timed", "status": "ok", "wall_s": 5.535197290999918, "max_rss_mib": 3.40625, "output_match": true}
{"suite": "runtime", "bench": "mandelbrot", "lane": "bend", "phase": "emit-c", "status": "ok", "wall_s": 0.18717312499995842, "max_rss_mib": 102.359375, "output_match": null}
{"suite": "runtime", "bench": "mandelbrot", "lane": "bend-cpu", "phase": "build", "status": "ok", "wall_s": 0.27426279099995554, "max_rss_mib": 60.78125, "output_match": null}
{"suite": "runtime", "bench": "mandelbrot", "lane": "bend-seq", "phase": "warmup", "status": "ok", "wall_s": 5.164543083000012, "max_rss_mib": 2.109375, "output_match": true}
{"suite": "runtime", "bench": "mandelbrot", "lane": "bend-seq", "phase": "timed", "status": "ok", "wall_s": 5.009335040999986, "max_rss_mib": 2.109375, "output_match": true}
{"suite": "runtime", "bench": "mandelbrot", "lane": "bend-par", "phase": "warmup", "status": "ok", "wall_s": 1.8171578750000208, "max_rss_mib": 2.296875, "output_match": true}
{"suite": "runtime", "bench": "mandelbrot", "lane": "bend-par", "phase": "timed", "status": "ok", "wall_s": 1.8169745000000148, "max_rss_mib": 2.265625, "output_match": true}
{"suite": "runtime", "bench": "mandelbrot", "lane": "bend-gpu", "phase": "build", "status": "ok", "wall_s": 0.5318002919999572, "max_rss_mib": 127.0625, "output_match": null}
{"suite": "runtime", "bench": "mandelbrot", "lane": "bend-gpu", "phase": "warmup", "status": "ok", "wall_s": 0.5721976660000792, "max_rss_mib": 13.8125, "output_match": true}
{"suite": "runtime", "bench": "mandelbrot", "lane": "bend-gpu", "phase": "timed", "status": "ok", "wall_s": 0.1173414170000342, "max_rss_mib": 13.578125, "output_match": true}
{"suite": "runtime", "bench": "mandelbrot", "lane": "c", "phase": "build", "status": "ok", "wall_s": 0.06173858299996482, "max_rss_mib": 39.921875, "output_match": null}
{"suite": "runtime", "bench": "mandelbrot", "lane": "c", "phase": "warmup", "status": "ok", "wall_s": 4.378152583999963, "max_rss_mib": 1.25, "output_match": true}
{"suite": "runtime", "bench": "mandelbrot", "lane": "c", "phase": "timed", "status": "ok", "wall_s": 4.22084745799998, "max_rss_mib": 1.25, "output_match": true}
{"suite": "runtime", "bench": "mandelbrot", "lane": "ts-bun", "phase": "warmup", "status": "ok", "wall_s": 4.8101228339999125, "max_rss_mib": 24.015625, "output_match": true}
{"suite": "runtime", "bench": "mandelbrot", "lane": "ts-bun", "phase": "timed", "status": "ok", "wall_s": 4.9691342079999, "max_rss_mib": 24.234375, "output_match": true}
{"suite": "runtime", "bench": "mandelbrot", "lane": "ts-node", "phase": "warmup", "status": "ok", "wall_s": 3.7373984580000297, "max_rss_mib": 78.015625, "output_match": true}
{"suite": "runtime", "bench": "mandelbrot", "lane": "ts-node", "phase": "timed", "status": "ok", "wall_s": 3.751829458999964, "max_rss_mib": 77.609375, "output_match": true}
{"suite": "runtime", "bench": "mandelbrot", "lane": "lean", "phase": "emit-c", "status": "ok", "wall_s": 0.17954433300008077, "max_rss_mib": 405.015625, "output_match": null}
{"suite": "runtime", "bench": "mandelbrot", "lane": "lean", "phase": "build", "status": "ok", "wall_s": 0.22321145800003706, "max_rss_mib": 139.9375, "output_match": null}
{"suite": "runtime", "bench": "mandelbrot", "lane": "lean", "phase": "warmup", "status": "ok", "wall_s": 5.280830374999937, "max_rss_mib": 3.359375, "output_match": true}
{"suite": "runtime", "bench": "mandelbrot", "lane": "lean", "phase": "timed", "status": "ok", "wall_s": 5.104573915999936, "max_rss_mib": 3.375, "output_match": true}
{"suite": "runtime", "bench": "merkle", "lane": "bend", "phase": "emit-c", "status": "ok", "wall_s": 0.2170342910000045, "max_rss_mib": 124.46875, "output_match": null}
{"suite": "runtime", "bench": "merkle", "lane": "bend-cpu", "phase": "build", "status": "ok", "wall_s": 0.24602216699997825, "max_rss_mib": 60.25, "output_match": null}
{"suite": "runtime", "bench": "merkle", "lane": "bend-seq", "phase": "warmup", "status": "ok", "wall_s": 5.243746208000061, "max_rss_mib": 129.96875, "output_match": true}
{"suite": "runtime", "bench": "merkle", "lane": "bend-seq", "phase": "timed", "status": "ok", "wall_s": 5.1299292920000426, "max_rss_mib": 129.96875, "output_match": true}
{"suite": "runtime", "bench": "merkle", "lane": "bend-par", "phase": "warmup", "status": "ok", "wall_s": 2.0352892500000053, "max_rss_mib": 130.1875, "output_match": true}
{"suite": "runtime", "bench": "merkle", "lane": "bend-par", "phase": "timed", "status": "ok", "wall_s": 1.8988127919999442, "max_rss_mib": 130.15625, "output_match": true}
{"suite": "runtime", "bench": "merkle", "lane": "bend-gpu", "phase": "build", "status": "ok", "wall_s": 0.4847402500000726, "max_rss_mib": 127.359375, "output_match": null}
{"suite": "runtime", "bench": "merkle", "lane": "bend-gpu", "phase": "warmup", "status": "ok", "wall_s": 0.5707304999999678, "max_rss_mib": 13.90625, "output_match": true}
{"suite": "runtime", "bench": "merkle", "lane": "bend-gpu", "phase": "timed", "status": "ok", "wall_s": 0.15351266699997268, "max_rss_mib": 13.640625, "output_match": true}
{"suite": "runtime", "bench": "merkle", "lane": "c", "phase": "build", "status": "ok", "wall_s": 0.09700233299997763, "max_rss_mib": 43.53125, "output_match": null}
{"suite": "runtime", "bench": "merkle", "lane": "c", "phase": "warmup", "status": "ok", "wall_s": 3.882780165999975, "max_rss_mib": 129.28125, "output_match": true}
{"suite": "runtime", "bench": "merkle", "lane": "c", "phase": "timed", "status": "ok", "wall_s": 3.7612079589999894, "max_rss_mib": 129.265625, "output_match": true}
{"suite": "runtime", "bench": "merkle", "lane": "ts-bun", "phase": "warmup", "status": "ok", "wall_s": 8.799994749999996, "max_rss_mib": 355.65625, "output_match": true}
{"suite": "runtime", "bench": "merkle", "lane": "ts-bun", "phase": "timed", "status": "ok", "wall_s": 9.180854833000012, "max_rss_mib": 355.859375, "output_match": true}
{"suite": "runtime", "bench": "merkle", "lane": "ts-node", "phase": "warmup", "status": "ok", "wall_s": 8.789803166999945, "max_rss_mib": 590.25, "output_match": true}
{"suite": "runtime", "bench": "merkle", "lane": "ts-node", "phase": "timed", "status": "ok", "wall_s": 8.464275125000086, "max_rss_mib": 590.703125, "output_match": true}
{"suite": "runtime", "bench": "merkle", "lane": "lean", "phase": "emit-c", "status": "ok", "wall_s": 1.8984298340000123, "max_rss_mib": 408.3125, "output_match": null}
{"suite": "runtime", "bench": "merkle", "lane": "lean", "phase": "build", "status": "ok", "wall_s": 0.5946114170000101, "max_rss_mib": 139.890625, "output_match": null}
{"suite": "runtime", "bench": "merkle", "lane": "lean", "phase": "warmup", "status": "ok", "wall_s": 7.48837812499994, "max_rss_mib": 195.765625, "output_match": true}
{"suite": "runtime", "bench": "merkle", "lane": "lean", "phase": "timed", "status": "ok", "wall_s": 7.202272666999988, "max_rss_mib": 195.8125, "output_match": true}
{"suite": "runtime", "bench": "nbody", "lane": "bend", "phase": "emit-c", "status": "ok", "wall_s": 0.313781125000105, "max_rss_mib": 134.15625, "output_match": null}
{"suite": "runtime", "bench": "nbody", "lane": "bend-cpu", "phase": "build", "status": "ok", "wall_s": 0.2882430419999764, "max_rss_mib": 60.703125, "output_match": null}
{"suite": "runtime", "bench": "nbody", "lane": "bend-seq", "phase": "warmup", "status": "ok", "wall_s": 6.92126508399997, "max_rss_mib": 2.015625, "output_match": true}
{"suite": "runtime", "bench": "nbody", "lane": "bend-seq", "phase": "timed", "status": "ok", "wall_s": 7.405216666000115, "max_rss_mib": 2.015625, "output_match": true}
{"suite": "runtime", "bench": "nbody", "lane": "bend-par", "phase": "warmup", "status": "ok", "wall_s": 2.5706489579999925, "max_rss_mib": 2.140625, "output_match": true}
{"suite": "runtime", "bench": "nbody", "lane": "bend-par", "phase": "timed", "status": "ok", "wall_s": 2.557543874999965, "max_rss_mib": 2.140625, "output_match": true}
{"suite": "runtime", "bench": "nbody", "lane": "bend-gpu", "phase": "build", "status": "ok", "wall_s": 0.5857773340001131, "max_rss_mib": 128.859375, "output_match": null}
{"suite": "runtime", "bench": "nbody", "lane": "bend-gpu", "phase": "warmup", "status": "ok", "wall_s": 0.7016322080000919, "max_rss_mib": 13.734375, "output_match": true}
{"suite": "runtime", "bench": "nbody", "lane": "bend-gpu", "phase": "timed", "status": "ok", "wall_s": 0.11451499999998305, "max_rss_mib": 13.484375, "output_match": true}
{"suite": "runtime", "bench": "nbody", "lane": "c", "phase": "build", "status": "ok", "wall_s": 0.08087191700019503, "max_rss_mib": 42.53125, "output_match": null}
{"suite": "runtime", "bench": "nbody", "lane": "c", "phase": "warmup", "status": "ok", "wall_s": 6.544608208999989, "max_rss_mib": 1.265625, "output_match": false}
{"suite": "runtime", "bench": "nbody", "lane": "c", "phase": "timed", "status": "ok", "wall_s": 5.965556708999884, "max_rss_mib": 1.265625, "output_match": false}
{"suite": "runtime", "bench": "nbody", "lane": "ts-bun", "phase": "warmup", "status": "ok", "wall_s": 6.499489208000114, "max_rss_mib": 41.671875, "output_match": true}
{"suite": "runtime", "bench": "nbody", "lane": "ts-bun", "phase": "timed", "status": "ok", "wall_s": 6.479009291000011, "max_rss_mib": 40.15625, "output_match": true}
{"suite": "runtime", "bench": "nbody", "lane": "ts-node", "phase": "warmup", "status": "ok", "wall_s": 15.98650058300018, "max_rss_mib": 84.671875, "output_match": true}
{"suite": "runtime", "bench": "nbody", "lane": "ts-node", "phase": "timed", "status": "ok", "wall_s": 16.546282709000025, "max_rss_mib": 81.03125, "output_match": true}
{"suite": "runtime", "bench": "nbody", "lane": "lean", "phase": "emit-c", "status": "ok", "wall_s": 2.2120938329999262, "max_rss_mib": 409.015625, "output_match": null}
{"suite": "runtime", "bench": "nbody", "lane": "lean", "phase": "build", "status": "ok", "wall_s": 0.7387834589999329, "max_rss_mib": 139.9375, "output_match": null}
{"suite": "runtime", "bench": "nbody", "lane": "lean", "phase": "warmup", "status": "ok", "wall_s": 8.873544124999853, "max_rss_mib": 3.421875, "output_match": true}
{"suite": "runtime", "bench": "nbody", "lane": "lean", "phase": "timed", "status": "ok", "wall_s": 8.779592040999887, "max_rss_mib": 3.421875, "output_match": true}
{"suite": "runtime", "bench": "queens", "lane": "bend", "phase": "emit-c", "status": "ok", "wall_s": 0.26452466700015975, "max_rss_mib": 98.5625, "output_match": null}
{"suite": "runtime", "bench": "queens", "lane": "bend-cpu", "phase": "build", "status": "ok", "wall_s": 0.5740877499999897, "max_rss_mib": 60.125, "output_match": null}
{"suite": "runtime", "bench": "queens", "lane": "bend-seq", "phase": "warmup", "status": "ok", "wall_s": 8.545204000000012, "max_rss_mib": 1.890625, "output_match": true}
{"suite": "runtime", "bench": "queens", "lane": "bend-seq", "phase": "timed", "status": "ok", "wall_s": 8.340169665999838, "max_rss_mib": 1.890625, "output_match": true}
{"suite": "runtime", "bench": "queens", "lane": "bend-par", "phase": "warmup", "status": "ok", "wall_s": 2.4959745419998853, "max_rss_mib": 2.015625, "output_match": true}
{"suite": "runtime", "bench": "queens", "lane": "bend-par", "phase": "timed", "status": "ok", "wall_s": 2.439836457999945, "max_rss_mib": 2.015625, "output_match": true}
{"suite": "runtime", "bench": "queens", "lane": "bend-gpu", "phase": "build", "status": "ok", "wall_s": 0.6165306670000064, "max_rss_mib": 126.390625, "output_match": null}
{"suite": "runtime", "bench": "queens", "lane": "bend-gpu", "phase": "warmup", "status": "ok", "wall_s": 5.807242957999961, "max_rss_mib": 13.71875, "output_match": true}
{"suite": "runtime", "bench": "queens", "lane": "bend-gpu", "phase": "timed", "status": "ok", "wall_s": 4.624846500000103, "max_rss_mib": 13.515625, "output_match": true}
{"suite": "runtime", "bench": "queens", "lane": "c", "phase": "build", "status": "ok", "wall_s": 0.07713925000007293, "max_rss_mib": 38.5625, "output_match": null}
{"suite": "runtime", "bench": "queens", "lane": "c", "phase": "warmup", "status": "ok", "wall_s": 4.5329857499998525, "max_rss_mib": 1.25, "output_match": true}
{"suite": "runtime", "bench": "queens", "lane": "c", "phase": "timed", "status": "ok", "wall_s": 4.26162304200011, "max_rss_mib": 1.25, "output_match": true}
{"suite": "runtime", "bench": "queens", "lane": "ts-bun", "phase": "warmup", "status": "ok", "wall_s": 9.174497500000143, "max_rss_mib": 30.75, "output_match": true}
{"suite": "runtime", "bench": "queens", "lane": "ts-bun", "phase": "timed", "status": "ok", "wall_s": 8.97280950000004, "max_rss_mib": 30.828125, "output_match": true}
{"suite": "runtime", "bench": "queens", "lane": "ts-node", "phase": "warmup", "status": "ok", "wall_s": 10.912345540999922, "max_rss_mib": 79.84375, "output_match": true}
{"suite": "runtime", "bench": "queens", "lane": "ts-node", "phase": "timed", "status": "ok", "wall_s": 10.651871333000145, "max_rss_mib": 79.84375, "output_match": true}
{"suite": "runtime", "bench": "queens", "lane": "lean", "phase": "emit-c", "status": "ok", "wall_s": 1.846943499999952, "max_rss_mib": 406.78125, "output_match": null}
{"suite": "runtime", "bench": "queens", "lane": "lean", "phase": "build", "status": "ok", "wall_s": 0.5416752090000045, "max_rss_mib": 139.828125, "output_match": null}
{"suite": "runtime", "bench": "queens", "lane": "lean", "phase": "warmup", "status": "ok", "wall_s": 9.574590000000171, "max_rss_mib": 3.359375, "output_match": true}
{"suite": "runtime", "bench": "queens", "lane": "lean", "phase": "timed", "status": "ok", "wall_s": 9.247606874999974, "max_rss_mib": 3.359375, "output_match": true}
{"suite": "runtime", "bench": "raytrace", "lane": "bend", "phase": "emit-c", "status": "ok", "wall_s": 0.274759000000131, "max_rss_mib": 137.796875, "output_match": null}
{"suite": "runtime", "bench": "raytrace", "lane": "bend-cpu", "phase": "build", "status": "ok", "wall_s": 0.25854933400000846, "max_rss_mib": 61.34375, "output_match": null}
{"suite": "runtime", "bench": "raytrace", "lane": "bend-seq", "phase": "warmup", "status": "ok", "wall_s": 5.486253917000113, "max_rss_mib": 1.921875, "output_match": true}
{"suite": "runtime", "bench": "raytrace", "lane": "bend-seq", "phase": "timed", "status": "ok", "wall_s": 5.234237583999857, "max_rss_mib": 1.921875, "output_match": true}
{"suite": "runtime", "bench": "raytrace", "lane": "bend-par", "phase": "warmup", "status": "ok", "wall_s": 2.1378695829998833, "max_rss_mib": 2.078125, "output_match": true}
{"suite": "runtime", "bench": "raytrace", "lane": "bend-par", "phase": "timed", "status": "ok", "wall_s": 2.185993083000085, "max_rss_mib": 2.078125, "output_match": true}
{"suite": "runtime", "bench": "raytrace", "lane": "bend-gpu", "phase": "build", "status": "ok", "wall_s": 0.48391062500013504, "max_rss_mib": 129.171875, "output_match": null}
{"suite": "runtime", "bench": "raytrace", "lane": "bend-gpu", "phase": "warmup", "status": "ok", "wall_s": 1.4060610840001573, "max_rss_mib": 13.984375, "output_match": true}
{"suite": "runtime", "bench": "raytrace", "lane": "bend-gpu", "phase": "timed", "status": "ok", "wall_s": 0.7669945000000098, "max_rss_mib": 13.625, "output_match": true}
{"suite": "runtime", "bench": "raytrace", "lane": "c", "phase": "build", "status": "ok", "wall_s": 0.09105091600008564, "max_rss_mib": 40.859375, "output_match": null}
{"suite": "runtime", "bench": "raytrace", "lane": "c", "phase": "warmup", "status": "ok", "wall_s": 4.670985250000058, "max_rss_mib": 1.265625, "output_match": false}
{"suite": "runtime", "bench": "raytrace", "lane": "c", "phase": "timed", "status": "ok", "wall_s": 4.387145624999903, "max_rss_mib": 1.265625, "output_match": false}
{"suite": "runtime", "bench": "raytrace", "lane": "ts-bun", "phase": "warmup", "status": "ok", "wall_s": 29.62822674999984, "max_rss_mib": 46.109375, "output_match": true}
{"suite": "runtime", "bench": "raytrace", "lane": "ts-bun", "phase": "timed", "status": "ok", "wall_s": 29.290677791999997, "max_rss_mib": 43.734375, "output_match": true}
{"suite": "runtime", "bench": "raytrace", "lane": "ts-node", "phase": "warmup", "status": "ok", "wall_s": 65.98288579100017, "max_rss_mib": 96.078125, "output_match": true}
{"suite": "runtime", "bench": "raytrace", "lane": "ts-node", "phase": "timed", "status": "ok", "wall_s": 65.65304366700002, "max_rss_mib": 97.078125, "output_match": true}
{"suite": "runtime", "bench": "raytrace", "lane": "lean", "phase": "emit-c", "status": "ok", "wall_s": 0.22129070899995895, "max_rss_mib": 411.734375, "output_match": null}
{"suite": "runtime", "bench": "raytrace", "lane": "lean", "phase": "build", "status": "ok", "wall_s": 0.24931575000005068, "max_rss_mib": 140.015625, "output_match": null}
{"suite": "runtime", "bench": "raytrace", "lane": "lean", "phase": "warmup", "status": "ok", "wall_s": 14.097836916999995, "max_rss_mib": 3.421875, "output_match": true}
{"suite": "runtime", "bench": "raytrace", "lane": "lean", "phase": "timed", "status": "ok", "wall_s": 13.79132525, "max_rss_mib": 3.375, "output_match": true}
{"suite": "runtime", "bench": "symreg", "lane": "bend", "phase": "emit-c", "status": "ok", "wall_s": 0.11460458400006246, "max_rss_mib": 88.90625, "output_match": null}
{"suite": "runtime", "bench": "symreg", "lane": "bend-cpu", "phase": "build", "status": "ok", "wall_s": 0.24845270799983155, "max_rss_mib": 61.703125, "output_match": null}
{"suite": "runtime", "bench": "symreg", "lane": "bend-seq", "phase": "warmup", "status": "ok", "wall_s": 3.744704167000009, "max_rss_mib": 1.890625, "output_match": true}
{"suite": "runtime", "bench": "symreg", "lane": "bend-seq", "phase": "timed", "status": "ok", "wall_s": 3.460293459000013, "max_rss_mib": 1.890625, "output_match": true}
{"suite": "runtime", "bench": "symreg", "lane": "bend-par", "phase": "warmup", "status": "ok", "wall_s": 1.370861583000078, "max_rss_mib": 2.109375, "output_match": true}
{"suite": "runtime", "bench": "symreg", "lane": "bend-par", "phase": "timed", "status": "ok", "wall_s": 1.3947299999999814, "max_rss_mib": 2.109375, "output_match": true}
{"suite": "runtime", "bench": "symreg", "lane": "bend-gpu", "phase": "build", "status": "ok", "wall_s": 0.49213895899993076, "max_rss_mib": 128.234375, "output_match": null}
{"suite": "runtime", "bench": "symreg", "lane": "bend-gpu", "phase": "warmup", "status": "ok", "wall_s": 1.7442896249999649, "max_rss_mib": 14.078125, "output_match": true}
{"suite": "runtime", "bench": "symreg", "lane": "bend-gpu", "phase": "timed", "status": "ok", "wall_s": 1.0667562080000152, "max_rss_mib": 13.71875, "output_match": true}
{"suite": "runtime", "bench": "symreg", "lane": "c", "phase": "build", "status": "ok", "wall_s": 0.08090229200001886, "max_rss_mib": 39.625, "output_match": null}
{"suite": "runtime", "bench": "symreg", "lane": "c", "phase": "warmup", "status": "ok", "wall_s": 2.833465707999949, "max_rss_mib": 1.25, "output_match": true}
{"suite": "runtime", "bench": "symreg", "lane": "c", "phase": "timed", "status": "ok", "wall_s": 2.5928895419999662, "max_rss_mib": 1.25, "output_match": true}
{"suite": "runtime", "bench": "symreg", "lane": "ts-bun", "phase": "warmup", "status": "ok", "wall_s": 7.633847625000044, "max_rss_mib": 33.9375, "output_match": true}
{"suite": "runtime", "bench": "symreg", "lane": "ts-bun", "phase": "timed", "status": "ok", "wall_s": 7.5552181660000315, "max_rss_mib": 33.234375, "output_match": true}
{"suite": "runtime", "bench": "symreg", "lane": "ts-node", "phase": "warmup", "status": "ok", "wall_s": 7.864250834000131, "max_rss_mib": 84.8125, "output_match": true}
{"suite": "runtime", "bench": "symreg", "lane": "ts-node", "phase": "timed", "status": "ok", "wall_s": 7.506545749999987, "max_rss_mib": 84.59375, "output_match": true}
{"suite": "runtime", "bench": "symreg", "lane": "lean", "phase": "emit-c", "status": "ok", "wall_s": 1.068932582999878, "max_rss_mib": 408.390625, "output_match": null}
{"suite": "runtime", "bench": "symreg", "lane": "lean", "phase": "build", "status": "ok", "wall_s": 0.20447208300015518, "max_rss_mib": 139.8125, "output_match": null}
{"suite": "runtime", "bench": "symreg", "lane": "lean", "phase": "warmup", "status": "ok", "wall_s": 3.24748904199987, "max_rss_mib": 3.34375, "output_match": true}
{"suite": "runtime", "bench": "symreg", "lane": "lean", "phase": "timed", "status": "ok", "wall_s": 2.8117445830000634, "max_rss_mib": 3.328125, "output_match": true}
{"suite": "runtime", "bench": "terrain", "lane": "bend", "phase": "emit-c", "status": "ok", "wall_s": 0.1574156250001124, "max_rss_mib": 108.609375, "output_match": null}
{"suite": "runtime", "bench": "terrain", "lane": "bend-cpu", "phase": "build", "status": "ok", "wall_s": 0.24381266599993978, "max_rss_mib": 59.03125, "output_match": null}
{"suite": "runtime", "bench": "terrain", "lane": "bend-seq", "phase": "warmup", "status": "ok", "wall_s": 2.855063500000142, "max_rss_mib": 1.96875, "output_match": true}
{"suite": "runtime", "bench": "terrain", "lane": "bend-seq", "phase": "timed", "status": "ok", "wall_s": 2.5868984169999294, "max_rss_mib": 1.96875, "output_match": true}
{"suite": "runtime", "bench": "terrain", "lane": "bend-par", "phase": "warmup", "status": "ok", "wall_s": 1.0506890000001476, "max_rss_mib": 2.265625, "output_match": true}
{"suite": "runtime", "bench": "terrain", "lane": "bend-par", "phase": "timed", "status": "ok", "wall_s": 1.0484733749999577, "max_rss_mib": 2.265625, "output_match": true}
{"suite": "runtime", "bench": "terrain", "lane": "bend-gpu", "phase": "build", "status": "ok", "wall_s": 0.4508374580000236, "max_rss_mib": 126.546875, "output_match": null}
{"suite": "runtime", "bench": "terrain", "lane": "bend-gpu", "phase": "warmup", "status": "ok", "wall_s": 0.9687748329999977, "max_rss_mib": 13.84375, "output_match": true}
{"suite": "runtime", "bench": "terrain", "lane": "bend-gpu", "phase": "timed", "status": "ok", "wall_s": 0.5331334170000446, "max_rss_mib": 13.59375, "output_match": true}
{"suite": "runtime", "bench": "terrain", "lane": "c", "phase": "build", "status": "ok", "wall_s": 0.10640929100009089, "max_rss_mib": 40.84375, "output_match": null}
{"suite": "runtime", "bench": "terrain", "lane": "c", "phase": "warmup", "status": "ok", "wall_s": 2.7752143329998944, "max_rss_mib": 1.25, "output_match": true}
{"suite": "runtime", "bench": "terrain", "lane": "c", "phase": "timed", "status": "ok", "wall_s": 2.5021412500000224, "max_rss_mib": 1.25, "output_match": true}
{"suite": "runtime", "bench": "terrain", "lane": "ts-bun", "phase": "warmup", "status": "ok", "wall_s": 24.979451417000064, "max_rss_mib": 34.25, "output_match": true}
{"suite": "runtime", "bench": "terrain", "lane": "ts-bun", "phase": "timed", "status": "ok", "wall_s": 26.303781250000156, "max_rss_mib": 33.96875, "output_match": true}
{"suite": "runtime", "bench": "terrain", "lane": "ts-node", "phase": "warmup", "status": "ok", "wall_s": 7.406243582999878, "max_rss_mib": 119.921875, "output_match": true}
{"suite": "runtime", "bench": "terrain", "lane": "ts-node", "phase": "timed", "status": "ok", "wall_s": 6.6477836670001125, "max_rss_mib": 120.34375, "output_match": true}
{"suite": "runtime", "bench": "terrain", "lane": "lean", "phase": "emit-c", "status": "ok", "wall_s": 1.8342462499999783, "max_rss_mib": 405.640625, "output_match": null}
{"suite": "runtime", "bench": "terrain", "lane": "lean", "phase": "build", "status": "ok", "wall_s": 0.6196192919999248, "max_rss_mib": 139.828125, "output_match": null}
{"suite": "runtime", "bench": "terrain", "lane": "lean", "phase": "warmup", "status": "ok", "wall_s": 11.048528583000007, "max_rss_mib": 3.53125, "output_match": true}
{"suite": "runtime", "bench": "terrain", "lane": "lean", "phase": "timed", "status": "ok", "wall_s": 9.981106957999828, "max_rss_mib": 3.515625, "output_match": true}
{"suite": "runtime", "bench": "tree-bitonic", "lane": "bend", "phase": "emit-c", "status": "ok", "wall_s": 0.10489995800003271, "max_rss_mib": 88.84375, "output_match": null}
{"suite": "runtime", "bench": "tree-bitonic", "lane": "bend-cpu", "phase": "build", "status": "ok", "wall_s": 0.24617929200007893, "max_rss_mib": 60.171875, "output_match": null}
{"suite": "runtime", "bench": "tree-bitonic", "lane": "bend-seq", "phase": "warmup", "status": "ok", "wall_s": 8.346442125000067, "max_rss_mib": 146.8125, "output_match": true}
{"suite": "runtime", "bench": "tree-bitonic", "lane": "bend-seq", "phase": "timed", "status": "ok", "wall_s": 8.181198207999842, "max_rss_mib": 146.8125, "output_match": true}
{"suite": "runtime", "bench": "tree-bitonic", "lane": "bend-par", "phase": "warmup", "status": "ok", "wall_s": 3.394144084000118, "max_rss_mib": 146.234375, "output_match": true}
{"suite": "runtime", "bench": "tree-bitonic", "lane": "bend-par", "phase": "timed", "status": "ok", "wall_s": 3.600611082999876, "max_rss_mib": 149.609375, "output_match": true}
{"suite": "runtime", "bench": "tree-bitonic", "lane": "bend-gpu", "phase": "build", "status": "ok", "wall_s": 0.5281754590000673, "max_rss_mib": 125.796875, "output_match": null}
{"suite": "runtime", "bench": "tree-bitonic", "lane": "bend-gpu", "phase": "warmup", "status": "ok", "wall_s": 5.406856667000056, "max_rss_mib": 14.28125, "output_match": true}
{"suite": "runtime", "bench": "tree-bitonic", "lane": "bend-gpu", "phase": "timed", "status": "ok", "wall_s": 2.5976979160000155, "max_rss_mib": 13.8125, "output_match": true}
{"suite": "runtime", "bench": "tree-bitonic", "lane": "c", "phase": "build", "status": "ok", "wall_s": 0.08210650000000896, "max_rss_mib": 41.21875, "output_match": null}
{"suite": "runtime", "bench": "tree-bitonic", "lane": "c", "phase": "warmup", "status": "ok", "wall_s": 7.915083625000079, "max_rss_mib": 129.25, "output_match": true}
{"suite": "runtime", "bench": "tree-bitonic", "lane": "c", "phase": "timed", "status": "ok", "wall_s": 7.371393624999882, "max_rss_mib": 129.265625, "output_match": true}
{"suite": "runtime", "bench": "tree-bitonic", "lane": "ts-bun", "phase": "warmup", "status": "ok", "wall_s": 154.3784572090001, "max_rss_mib": 2461.6875, "output_match": true}
{"suite": "runtime", "bench": "tree-bitonic", "lane": "ts-bun", "phase": "timed", "status": "memory_limit_3GiB", "wall_s": 38.2814185000002, "max_rss_mib": null, "output_match": false}
{"suite": "runtime", "bench": "tree-bitonic", "lane": "ts-node", "phase": "warmup", "status": "error", "wall_s": 52.334618625000076, "max_rss_mib": 2118.390625, "output_match": false}
{"suite": "runtime", "bench": "tree-bitonic", "lane": "lean", "phase": "emit-c", "status": "ok", "wall_s": 1.8657084579999719, "max_rss_mib": 408.046875, "output_match": null}
{"suite": "runtime", "bench": "tree-bitonic", "lane": "lean", "phase": "build", "status": "ok", "wall_s": 0.6168558749998283, "max_rss_mib": 139.75, "output_match": null}
{"suite": "runtime", "bench": "tree-bitonic", "lane": "lean", "phase": "warmup", "status": "ok", "wall_s": 45.318818875000034, "max_rss_mib": 388.265625, "output_match": true}
{"suite": "runtime", "bench": "tree-bitonic", "lane": "lean", "phase": "timed", "status": "ok", "wall_s": 44.28047295800002, "max_rss_mib": 388.28125, "output_match": true}
{"suite": "runtime", "bench": "tree-matmul", "lane": "bend", "phase": "emit-c", "status": "ok", "wall_s": 0.2172254999998131, "max_rss_mib": 87.546875, "output_match": null}
{"suite": "runtime", "bench": "tree-matmul", "lane": "bend-cpu", "phase": "build", "status": "ok", "wall_s": 0.5626286249998884, "max_rss_mib": 67.03125, "output_match": null}
{"suite": "runtime", "bench": "tree-matmul", "lane": "bend-seq", "phase": "warmup", "status": "ok", "wall_s": 3.1800908750001327, "max_rss_mib": 2.65625, "output_match": true}
{"suite": "runtime", "bench": "tree-matmul", "lane": "bend-seq", "phase": "timed", "status": "ok", "wall_s": 2.807181584000091, "max_rss_mib": 2.65625, "output_match": true}
{"suite": "runtime", "bench": "tree-matmul", "lane": "bend-par", "phase": "warmup", "status": "ok", "wall_s": 1.3118996250000237, "max_rss_mib": 5.3125, "output_match": true}
{"suite": "runtime", "bench": "tree-matmul", "lane": "bend-par", "phase": "timed", "status": "ok", "wall_s": 1.329025042000012, "max_rss_mib": 5.28125, "output_match": true}
{"suite": "runtime", "bench": "tree-matmul", "lane": "bend-gpu", "phase": "build", "status": "ok", "wall_s": 0.6519855829999415, "max_rss_mib": 136.640625, "output_match": null}
{"suite": "runtime", "bench": "tree-matmul", "lane": "bend-gpu", "phase": "warmup", "status": "ok", "wall_s": 2.1889602500000365, "max_rss_mib": 14.75, "output_match": true}
{"suite": "runtime", "bench": "tree-matmul", "lane": "bend-gpu", "phase": "timed", "status": "ok", "wall_s": 0.972011792000103, "max_rss_mib": 14.234375, "output_match": true}
{"suite": "runtime", "bench": "tree-matmul", "lane": "c", "phase": "build", "status": "ok", "wall_s": 0.10544225000012375, "max_rss_mib": 42.4375, "output_match": null}
{"suite": "runtime", "bench": "tree-matmul", "lane": "c", "phase": "warmup", "status": "ok", "wall_s": 4.051799290999952, "max_rss_mib": 4.203125, "output_match": true}
{"suite": "runtime", "bench": "tree-matmul", "lane": "c", "phase": "timed", "status": "ok", "wall_s": 3.7413947919999373, "max_rss_mib": 4.203125, "output_match": true}
{"suite": "runtime", "bench": "tree-matmul", "lane": "ts-bun", "phase": "warmup", "status": "ok", "wall_s": 17.691115583000283, "max_rss_mib": 51.625, "output_match": true}
{"suite": "runtime", "bench": "tree-matmul", "lane": "ts-bun", "phase": "timed", "status": "ok", "wall_s": 18.963029500000175, "max_rss_mib": 49.28125, "output_match": true}
{"suite": "runtime", "bench": "tree-matmul", "lane": "ts-node", "phase": "warmup", "status": "ok", "wall_s": 19.965597833000174, "max_rss_mib": 322.5625, "output_match": true}
{"suite": "runtime", "bench": "tree-matmul", "lane": "ts-node", "phase": "timed", "status": "ok", "wall_s": 18.53148529200007, "max_rss_mib": 340.453125, "output_match": true}
{"suite": "runtime", "bench": "tree-matmul", "lane": "lean", "phase": "emit-c", "status": "ok", "wall_s": 2.2300326249996942, "max_rss_mib": 409.015625, "output_match": null}
{"suite": "runtime", "bench": "tree-matmul", "lane": "lean", "phase": "build", "status": "ok", "wall_s": 0.6686930410000969, "max_rss_mib": 139.765625, "output_match": null}
{"suite": "runtime", "bench": "tree-matmul", "lane": "lean", "phase": "warmup", "status": "ok", "wall_s": 10.540418082999622, "max_rss_mib": 5.53125, "output_match": true}
{"suite": "runtime", "bench": "tree-matmul", "lane": "lean", "phase": "timed", "status": "ok", "wall_s": 10.04356958299968, "max_rss_mib": 5.5625, "output_match": true}
{"suite": "runtime", "bench": "tree-radix", "lane": "bend", "phase": "emit-c", "status": "ok", "wall_s": 0.1501765420002812, "max_rss_mib": 88.859375, "output_match": null}
{"suite": "runtime", "bench": "tree-radix", "lane": "bend-cpu", "phase": "build", "status": "ok", "wall_s": 0.28620249999994485, "max_rss_mib": 60.765625, "output_match": null}
{"suite": "runtime", "bench": "tree-radix", "lane": "bend-seq", "phase": "warmup", "status": "ok", "wall_s": 4.623273249999784, "max_rss_mib": 651.234375, "output_match": true}
{"suite": "runtime", "bench": "tree-radix", "lane": "bend-seq", "phase": "timed", "status": "ok", "wall_s": 4.411632666999594, "max_rss_mib": 651.234375, "output_match": true}
{"suite": "runtime", "bench": "tree-radix", "lane": "bend-par", "phase": "warmup", "status": "ok", "wall_s": 1.649739457999658, "max_rss_mib": 646.59375, "output_match": true}
{"suite": "runtime", "bench": "tree-radix", "lane": "bend-par", "phase": "timed", "status": "ok", "wall_s": 1.6916198330000043, "max_rss_mib": 647.375, "output_match": true}
{"suite": "runtime", "bench": "tree-radix", "lane": "bend-gpu", "phase": "build", "status": "ok", "wall_s": 0.6028482080000686, "max_rss_mib": 126.53125, "output_match": null}
{"suite": "runtime", "bench": "tree-radix", "lane": "bend-gpu", "phase": "warmup", "status": "ok", "wall_s": 2.2655079169999226, "max_rss_mib": 14.078125, "output_match": true}
{"suite": "runtime", "bench": "tree-radix", "lane": "bend-gpu", "phase": "timed", "status": "ok", "wall_s": 1.448664041000029, "max_rss_mib": 13.796875, "output_match": true}
{"suite": "runtime", "bench": "tree-radix", "lane": "c", "phase": "build", "status": "ok", "wall_s": 0.11421329199993124, "max_rss_mib": 42.109375, "output_match": null}
{"suite": "runtime", "bench": "tree-radix", "lane": "c", "phase": "warmup", "status": "ok", "wall_s": 3.3250769170003878, "max_rss_mib": 243.953125, "output_match": true}
{"suite": "runtime", "bench": "tree-radix", "lane": "c", "phase": "timed", "status": "ok", "wall_s": 3.1438318330001493, "max_rss_mib": 243.953125, "output_match": true}
{"suite": "runtime", "bench": "tree-radix", "lane": "ts-bun", "phase": "warmup", "status": "memory_limit_3GiB", "wall_s": 6.058809667000332, "max_rss_mib": null, "output_match": false}
{"suite": "runtime", "bench": "tree-radix", "lane": "ts-node", "phase": "warmup", "status": "ok", "wall_s": 11.870247583000037, "max_rss_mib": 1982.625, "output_match": true}
{"suite": "runtime", "bench": "tree-radix", "lane": "ts-node", "phase": "timed", "status": "ok", "wall_s": 12.735597208999934, "max_rss_mib": 2017.671875, "output_match": true}
{"suite": "runtime", "bench": "tree-radix", "lane": "lean", "phase": "emit-c", "status": "ok", "wall_s": 1.9985622499998499, "max_rss_mib": 407.28125, "output_match": null}
{"suite": "runtime", "bench": "tree-radix", "lane": "lean", "phase": "build", "status": "ok", "wall_s": 0.5834404590000304, "max_rss_mib": 139.734375, "output_match": null}
{"suite": "runtime", "bench": "tree-radix", "lane": "lean", "phase": "warmup", "status": "ok", "wall_s": 7.940308249999816, "max_rss_mib": 794.28125, "output_match": true}
{"suite": "runtime", "bench": "tree-radix", "lane": "lean", "phase": "timed", "status": "ok", "wall_s": 7.3463265420000425, "max_rss_mib": 794.25, "output_match": true}
SUITE COMPLETE runtime bend-seq,bend-par,bend-gpu,c,ts-bun,ts-node,lean
