== CandidateGen: minting from the head-depth carrier ==
CANDIDATE ThresholdQ29: W3 and strong-blindness certified at fresh prime q = 29 (b in [2,86], q does not divide b, a in [1,4]); deepest base b = 63 has e_63(29) = 2
  mirror-predicts=True
  KERNEL-ACCEPT installed formal/cubical/MachineMinted/ThresholdQ29.agda
CANDIDATE ThresholdQ31: W3 and strong-blindness certified at fresh prime q = 31 (b in [2,92], q does not divide b, a in [1,4]); deepest base b = 92 has e_92(31) = 1
  mirror-predicts=True
  KERNEL-ACCEPT installed formal/cubical/MachineMinted/ThresholdQ31.agda
CANDIDATE W4CountsFresh: W4 subgroup counts at fresh (q,a): blindCount 3 2 = 2, blindCount 3 3 = 2, blindCount 7 2 = 6, blindCount 11 2 = 10, blindCount 13 2 = 12, blindCount 17 2 = 16
  mirror-predicts=True
  KERNEL-ACCEPT installed formal/cubical/MachineMinted/W4CountsFresh.agda
CANDIDATE WieferichWindow3512to3700: no Wieferich prime in [3512,3700]: all 26 primes of the window have e_2(q) < 2
  mirror-predicts=True
  KERNEL-ACCEPT installed formal/cubical/MachineMinted/WieferichWindow3512to3700.agda
CONTROL ControlFalseWieferich1091: DELIBERATE FALSEHOOD (negative control): wieferich 1091 ≡ true
  CONTROL-REJECTED (as required): /home/user/math/formal/cubical/MachineMinted/ControlFalseWieferich1091.agda:12,15-19 Cubical.Data.Bool.false != true of type Cubical.Data.Bool.Bool
INDEX regenerated and checked: formal/cubical/MachineMinted/Everything.agda
SUMMARY installed=4 of 4 candidates; control-rejected=True; index-green=True
  INSTALLED MachineMinted.ThresholdQ29
  INSTALLED MachineMinted.ThresholdQ31
  INSTALLED MachineMinted.W4CountsFresh
  INSTALLED MachineMinted.WieferichWindow3512to3700
CANDIDATE GENERATOR CHECKED
